
> market-watcher@1.0.0 build
> next build

Γû▓ Next.js 16.1.6 (Turbopack)

  Creating an optimized production build ...
Γ£ô Compiled successfully in 1207.9ms
  Running TypeScript ...
  Collecting page data using 27 workers ...
  Generating static pages using 27 workers (0/3) ...
Γ£ô Generating static pages using 27 workers (3/3) in 288.4ms
  Finalizing page optimization ...

Route (app)
Γöî Γùï /
Γöö Γùï /_not-found


Γùï  (Static)  prerendered as static content

